beta.r
epsilon.reb
kappa.test.r
omicron.reb
sigma.r
phi.reb
